{
    "nanopore - fastq - stub": {
        "content": [
            {
                "counts": [
                    [
                        {
                            "id": "NANOPORE_BARCODE01",
                            "platform": "nanopore"
                        },
                        "NANOPORE_BARCODE01.linecount.txt:md5,897316929176464ebc9ad085f31e7284"
                    ]
                ]
            }
        ],
        "timestamp": "2026-09-28T12:25:05.284629397",
        "meta": {
            "nf-test": "0.9.5",
            "nextflow": "26.04.6"
        }
    },
    "nanopore - fastq": {
        "content": [
            {
                "counts": [
                    [
                        {
                            "id": "NANOPORE_BARCODE01",
                            "platform": "nanopore"
                        },
                        "NANOPORE_BARCODE01.linecount.txt:md5,c30f7472766d25af1dc80b3ffc9a58c7"
                    ]
                ]
            }
        ],
        "timestamp": "2026-09-28T12:24:59.079695526",
        "meta": {
            "nf-test": "0.9.5",
            "nextflow": "26.04.6"
        }
    }
}